mode: set
github.com/isklv/keycloak/v2/config.go:12.33,14.2 1 1
github.com/isklv/keycloak/v2/config.go:16.40,18.2 1 1
github.com/isklv/keycloak/v2/config.go:20.34,22.2 1 1
github.com/isklv/keycloak/v2/config.go:24.35,26.2 1 1
github.com/isklv/keycloak/v2/chi/handler.go:18.86,26.2 1 0
github.com/isklv/keycloak/v2/chi/handler.go:28.74,31.16 3 0
github.com/isklv/keycloak/v2/chi/handler.go:31.16,34.3 2 0
github.com/isklv/keycloak/v2/chi/handler.go:36.2,37.16 2 0
github.com/isklv/keycloak/v2/chi/handler.go:37.16,41.3 3 0
github.com/isklv/keycloak/v2/chi/handler.go:43.2,55.52 3 0
github.com/isklv/keycloak/v2/chi/middleware.go:21.81,27.2 1 1
github.com/isklv/keycloak/v2/chi/middleware.go:29.61,30.46 1 1
github.com/isklv/keycloak/v2/chi/middleware.go:30.46,31.72 1 1
github.com/isklv/keycloak/v2/chi/middleware.go:31.72,33.35 2 1
github.com/isklv/keycloak/v2/chi/middleware.go:33.35,37.5 3 1
github.com/isklv/keycloak/v2/chi/middleware.go:39.4,40.18 2 0
github.com/isklv/keycloak/v2/chi/middleware.go:40.18,46.5 5 0
github.com/isklv/keycloak/v2/chi/middleware.go:48.4,49.41 2 0
github.com/isklv/keycloak/v2/chi/middleware.go:54.67,55.46 1 1
github.com/isklv/keycloak/v2/chi/middleware.go:55.46,56.72 1 1
github.com/isklv/keycloak/v2/chi/middleware.go:56.72,58.18 2 1
github.com/isklv/keycloak/v2/chi/middleware.go:58.18,61.5 2 1
github.com/isklv/keycloak/v2/chi/middleware.go:63.4,66.18 3 0
github.com/isklv/keycloak/v2/chi/middleware.go:66.18,70.5 3 0
github.com/isklv/keycloak/v2/chi/middleware.go:72.4,73.41 2 0
github.com/isklv/keycloak/v2/chi/middleware.go:78.89,80.2 1 1
github.com/isklv/keycloak/v2/chi/middleware.go:82.96,83.46 1 1
github.com/isklv/keycloak/v2/chi/middleware.go:83.46,84.72 1 1
github.com/isklv/keycloak/v2/chi/middleware.go:84.72,86.28 2 1
github.com/isklv/keycloak/v2/chi/middleware.go:86.28,90.5 3 1
github.com/isklv/keycloak/v2/chi/middleware.go:91.4,92.41 2 1
github.com/isklv/keycloak/v2/chi/middleware.go:92.41,95.5 2 0
github.com/isklv/keycloak/v2/chi/middleware.go:96.4,96.24 1 1
github.com/isklv/keycloak/v2/chi/middleware.go:101.90,103.2 1 0
github.com/isklv/keycloak/v2/chi/middleware.go:105.97,106.46 1 1
github.com/isklv/keycloak/v2/chi/middleware.go:106.46,107.72 1 1
github.com/isklv/keycloak/v2/chi/middleware.go:107.72,109.28 2 1
github.com/isklv/keycloak/v2/chi/middleware.go:109.28,112.5 2 1
github.com/isklv/keycloak/v2/chi/middleware.go:113.4,113.58 1 1
github.com/isklv/keycloak/v2/chi/middleware.go:113.58,116.5 2 0
github.com/isklv/keycloak/v2/chi/middleware.go:117.4,117.24 1 1
github.com/isklv/keycloak/v2/chi/middleware.go:122.53,134.2 2 1
github.com/isklv/keycloak/v2/chi/middleware.go:136.41,140.22 4 1
github.com/isklv/keycloak/v2/chi/middleware.go:140.22,142.3 1 1
github.com/isklv/keycloak/v2/chi/middleware.go:143.2,143.19 1 1
github.com/isklv/keycloak/v2/chi/middleware.go:146.58,148.17 2 1
github.com/isklv/keycloak/v2/chi/middleware.go:148.17,150.3 1 1
github.com/isklv/keycloak/v2/chi/middleware.go:152.2,153.100 2 1
github.com/isklv/keycloak/v2/chi/middleware.go:153.100,155.3 1 1
github.com/isklv/keycloak/v2/chi/middleware.go:157.2,157.41 1 1
github.com/isklv/keycloak/v2/auth/claims.go:20.49,21.40 1 1
github.com/isklv/keycloak/v2/auth/claims.go:21.40,22.16 1 1
github.com/isklv/keycloak/v2/auth/claims.go:22.16,24.4 1 1
github.com/isklv/keycloak/v2/auth/claims.go:26.2,26.14 1 1
github.com/isklv/keycloak/v2/auth/claims.go:29.56,30.29 1 1
github.com/isklv/keycloak/v2/auth/claims.go:30.29,31.27 1 1
github.com/isklv/keycloak/v2/auth/claims.go:31.27,33.4 1 1
github.com/isklv/keycloak/v2/auth/claims.go:35.2,35.14 1 1
github.com/isklv/keycloak/v2/auth/claims.go:38.58,40.9 2 1
github.com/isklv/keycloak/v2/auth/claims.go:40.9,42.3 1 1
github.com/isklv/keycloak/v2/auth/claims.go:43.2,43.29 1 1
github.com/isklv/keycloak/v2/auth/claims.go:43.29,44.16 1 1
github.com/isklv/keycloak/v2/auth/claims.go:44.16,46.4 1 1
github.com/isklv/keycloak/v2/auth/claims.go:48.2,48.14 1 1
github.com/isklv/keycloak/v2/auth/claims.go:51.74,52.26 1 1
github.com/isklv/keycloak/v2/auth/claims.go:52.26,53.35 1 1
github.com/isklv/keycloak/v2/auth/claims.go:53.35,55.4 1 1
github.com/isklv/keycloak/v2/auth/claims.go:57.2,57.14 1 0
github.com/isklv/keycloak/v2/auth/context.go:11.65,13.2 1 0
github.com/isklv/keycloak/v2/auth/context.go:15.55,17.14 2 0
github.com/isklv/keycloak/v2/auth/context.go:17.14,19.3 1 0
github.com/isklv/keycloak/v2/auth/context.go:20.2,21.14 2 0
github.com/isklv/keycloak/v2/auth/service.go:18.77,20.16 2 0
github.com/isklv/keycloak/v2/auth/service.go:20.16,22.3 1 0
github.com/isklv/keycloak/v2/auth/service.go:24.2,27.8 1 0
github.com/isklv/keycloak/v2/auth/service.go:35.91,36.15 1 1
github.com/isklv/keycloak/v2/auth/service.go:36.15,38.3 1 1
github.com/isklv/keycloak/v2/auth/service.go:40.2,46.16 3 0
github.com/isklv/keycloak/v2/auth/service.go:46.16,48.3 1 0
github.com/isklv/keycloak/v2/auth/service.go:50.2,51.25 2 0
github.com/isklv/keycloak/v2/auth/service.go:51.25,53.3 1 0
github.com/isklv/keycloak/v2/auth/service.go:55.2,55.20 1 0
github.com/isklv/keycloak/v2/tokenutil/tokenutil.go:31.68,32.38 1 1
github.com/isklv/keycloak/v2/tokenutil/tokenutil.go:32.38,35.3 2 1
github.com/isklv/keycloak/v2/tokenutil/tokenutil.go:37.2,38.63 2 1
github.com/isklv/keycloak/v2/tokenutil/tokenutil.go:38.63,40.3 1 1
github.com/isklv/keycloak/v2/tokenutil/tokenutil.go:42.2,42.26 1 1
github.com/isklv/keycloak/v2/tokenutil/tokenutil.go:42.26,44.3 1 1
github.com/isklv/keycloak/v2/tokenutil/tokenutil.go:46.2,56.8 2 1
github.com/isklv/keycloak/v2/cmd/server/main.go:21.13,49.16 14 0
github.com/isklv/keycloak/v2/cmd/server/main.go:49.16,52.3 2 0
github.com/isklv/keycloak/v2/cmd/server/main.go:53.2,81.16 5 0
github.com/isklv/keycloak/v2/cmd/server/main.go:81.16,84.3 2 0
github.com/isklv/keycloak/v2/cmd/server/main.go:86.2,96.63 4 0
github.com/isklv/keycloak/v2/cmd/server/main.go:96.63,99.3 2 0
github.com/isklv/keycloak/v2/cmd/server/main.go:101.2,103.65 2 0
github.com/isklv/keycloak/v2/cmd/server/main.go:103.65,115.17 4 0
github.com/isklv/keycloak/v2/cmd/server/main.go:115.17,119.4 3 0
github.com/isklv/keycloak/v2/cmd/server/main.go:121.3,122.17 2 0
github.com/isklv/keycloak/v2/cmd/server/main.go:122.17,126.4 3 0
github.com/isklv/keycloak/v2/cmd/server/main.go:127.3,131.16 4 0
github.com/isklv/keycloak/v2/cmd/server/main.go:135.2,135.40 1 0
github.com/isklv/keycloak/v2/cmd/server/main.go:135.40,138.109 2 0
github.com/isklv/keycloak/v2/cmd/server/main.go:138.109,147.39 3 0
github.com/isklv/keycloak/v2/cmd/server/main.go:147.39,150.5 2 0
github.com/isklv/keycloak/v2/cmd/server/main.go:152.4,153.35 2 0
github.com/isklv/keycloak/v2/cmd/server/main.go:157.2,157.37 1 0
github.com/isklv/keycloak/v2/cmd/server/main.go:157.37,160.114 2 0
github.com/isklv/keycloak/v2/cmd/server/main.go:160.114,167.4 2 0
github.com/isklv/keycloak/v2/cmd/server/main.go:170.2,171.59 2 0
github.com/isklv/keycloak/v2/cmd/server/main.go:171.59,173.3 1 0
github.com/isklv/keycloak/v2/webflow/token.go:27.66,29.2 1 0
github.com/isklv/keycloak/v2/webflow/token.go:31.65,37.70 4 0
github.com/isklv/keycloak/v2/webflow/token.go:37.70,39.3 1 0
github.com/isklv/keycloak/v2/webflow/token.go:41.2,41.84 1 0
github.com/isklv/keycloak/v2/webflow/token.go:41.84,42.40 1 0
github.com/isklv/keycloak/v2/webflow/token.go:42.40,44.4 1 0
github.com/isklv/keycloak/v2/webflow/token.go:47.2,47.38 1 0
github.com/isklv/keycloak/v2/webflow/token.go:50.57,54.32 4 0
github.com/isklv/keycloak/v2/webflow/token.go:54.32,56.3 1 0
github.com/isklv/keycloak/v2/webflow/token.go:57.2,60.16 3 0
github.com/isklv/keycloak/v2/webflow/token.go:60.16,62.3 1 0
github.com/isklv/keycloak/v2/webflow/token.go:63.2,66.16 3 0
github.com/isklv/keycloak/v2/webflow/token.go:66.16,68.3 1 0
github.com/isklv/keycloak/v2/webflow/token.go:69.2,72.16 3 0
github.com/isklv/keycloak/v2/webflow/token.go:72.16,74.3 1 0
github.com/isklv/keycloak/v2/webflow/token.go:76.2,78.12 2 0
github.com/isklv/keycloak/v2/webflow/webflow.go:33.109,34.19 1 1
github.com/isklv/keycloak/v2/webflow/webflow.go:34.19,36.3 1 1
github.com/isklv/keycloak/v2/webflow/webflow.go:37.2,37.23 1 1
github.com/isklv/keycloak/v2/webflow/webflow.go:37.23,39.3 1 1
github.com/isklv/keycloak/v2/webflow/webflow.go:40.2,40.23 1 1
github.com/isklv/keycloak/v2/webflow/webflow.go:40.23,42.3 1 1
github.com/isklv/keycloak/v2/webflow/webflow.go:43.2,43.26 1 1
github.com/isklv/keycloak/v2/webflow/webflow.go:43.26,45.3 1 1
github.com/isklv/keycloak/v2/webflow/webflow.go:46.2,52.3 1 1
github.com/isklv/keycloak/v2/webflow/webflow.go:55.49,63.17 7 1
github.com/isklv/keycloak/v2/webflow/webflow.go:63.17,65.3 1 1
github.com/isklv/keycloak/v2/webflow/webflow.go:67.2,67.35 1 1
github.com/isklv/keycloak/v2/webflow/webflow.go:70.95,71.16 1 1
github.com/isklv/keycloak/v2/webflow/webflow.go:71.16,73.3 1 1
github.com/isklv/keycloak/v2/webflow/webflow.go:75.2,79.30 5 1
github.com/isklv/keycloak/v2/webflow/webflow.go:79.30,81.3 1 1
github.com/isklv/keycloak/v2/webflow/webflow.go:82.2,87.16 4 1
github.com/isklv/keycloak/v2/webflow/webflow.go:87.16,89.3 1 0
github.com/isklv/keycloak/v2/webflow/webflow.go:90.2,95.16 4 1
github.com/isklv/keycloak/v2/webflow/webflow.go:95.16,97.3 1 0
github.com/isklv/keycloak/v2/webflow/webflow.go:98.2,102.43 3 1
github.com/isklv/keycloak/v2/webflow/webflow.go:105.44,105.63 1 1
github.com/isklv/keycloak/v2/webflow/webflow.go:106.44,106.68 1 1
github.com/isklv/keycloak/v2/webflow/webflow.go:107.44,107.65 1 1
github.com/isklv/keycloak/v2/clientcred/client.go:10.77,12.16 2 0
github.com/isklv/keycloak/v2/clientcred/client.go:12.16,14.3 1 0
github.com/isklv/keycloak/v2/clientcred/client.go:16.2,19.30 3 0
github.com/isklv/keycloak/v2/clientcred/client.go:22.49,29.2 1 0
github.com/isklv/keycloak/v2/clientcred/clientcred.go:28.75,29.19 1 1
github.com/isklv/keycloak/v2/clientcred/clientcred.go:29.19,31.3 1 1
github.com/isklv/keycloak/v2/clientcred/clientcred.go:32.2,32.42 1 1
github.com/isklv/keycloak/v2/clientcred/clientcred.go:35.61,41.70 4 1
github.com/isklv/keycloak/v2/clientcred/clientcred.go:41.70,43.3 1 1
github.com/isklv/keycloak/v2/clientcred/clientcred.go:45.2,45.84 1 1
github.com/isklv/keycloak/v2/clientcred/clientcred.go:45.84,46.56 1 1
github.com/isklv/keycloak/v2/clientcred/clientcred.go:46.56,48.4 1 1
github.com/isklv/keycloak/v2/clientcred/clientcred.go:51.2,51.58 1 1
github.com/isklv/keycloak/v2/clientcred/clientcred.go:51.58,53.3 1 0
github.com/isklv/keycloak/v2/clientcred/clientcred.go:55.2,55.19 1 1
github.com/isklv/keycloak/v2/clientcred/clientcred.go:58.72,62.30 4 1
github.com/isklv/keycloak/v2/clientcred/clientcred.go:62.30,64.3 1 1
github.com/isklv/keycloak/v2/clientcred/clientcred.go:66.2,67.16 2 1
github.com/isklv/keycloak/v2/clientcred/clientcred.go:67.16,69.3 1 0
github.com/isklv/keycloak/v2/clientcred/clientcred.go:70.2,73.16 3 1
github.com/isklv/keycloak/v2/clientcred/clientcred.go:73.16,75.3 1 0
github.com/isklv/keycloak/v2/clientcred/clientcred.go:76.2,79.16 3 1
github.com/isklv/keycloak/v2/clientcred/clientcred.go:79.16,81.3 1 0
github.com/isklv/keycloak/v2/clientcred/clientcred.go:83.2,85.12 2 1
github.com/isklv/keycloak/v2/clientcred/clientcred.go:88.69,92.30 4 1
github.com/isklv/keycloak/v2/clientcred/clientcred.go:92.30,94.3 1 1
github.com/isklv/keycloak/v2/clientcred/clientcred.go:95.2,98.16 3 1
github.com/isklv/keycloak/v2/clientcred/clientcred.go:98.16,100.3 1 0
github.com/isklv/keycloak/v2/clientcred/clientcred.go:101.2,104.16 3 1
github.com/isklv/keycloak/v2/clientcred/clientcred.go:104.16,106.3 1 0
github.com/isklv/keycloak/v2/clientcred/clientcred.go:107.2,110.16 3 1
github.com/isklv/keycloak/v2/clientcred/clientcred.go:110.16,112.3 1 0
github.com/isklv/keycloak/v2/clientcred/clientcred.go:114.2,116.12 2 1
